input: C:\Users\teddy\NianlifeOps\quark-history\2026-09-03\manifests\heic-decode-unsupported.jsonl (1468 HEIC rows)
concurrency=6 quality=0.92 outDir=C:\Users\teddy\NianlifeOps\quark-history\2026-09-03\heic-converted
[50/1468] 转换成功 50 / 失败 0
[100/1468] 转换成功 100 / 失败 0
[150/1468] 转换成功 150 / 失败 0
[200/1468] 转换成功 200 / 失败 0
[250/1468] 转换成功 250 / 失败 0
[300/1468] 转换成功 299 / 失败 0
[350/1468] 转换成功 350 / 失败 0
[400/1468] 转换成功 400 / 失败 0
[450/1468] 转换成功 447 / 失败 0
[500/1468] 转换成功 500 / 失败 0
[550/1468] 转换成功 547 / 失败 0
[600/1468] 转换成功 600 / 失败 0
[650/1468] 转换成功 650 / 失败 0
[700/1468] 转换成功 698 / 失败 0
[750/1468] 转换成功 750 / 失败 0
[800/1468] 转换成功 799 / 失败 0
[850/1468] 转换成功 850 / 失败 0
[900/1468] 转换成功 899 / 失败 0
[950/1468] 转换成功 950 / 失败 0
[1000/1468] 转换成功 1000 / 失败 0
[1050/1468] 转换成功 1049 / 失败 0
[1100/1468] 转换成功 1100 / 失败 0
[1150/1468] 转换成功 1150 / 失败 0
[1200/1468] 转换成功 1200 / 失败 0
[1250/1468] 转换成功 1249 / 失败 0
[1300/1468] 转换成功 1300 / 失败 0
[1350/1468] 转换成功 1346 / 失败 0
[1400/1468] 转换成功 1400 / 失败 0
[1450/1468] 转换成功 1450 / 失败 0
[1468/1468] 转换成功 1467 / 失败 0
{
  "total": 1468,
  "converted": 1468,
  "skippedUndated": 0,
  "failed": 0,
  "elapsedSeconds": 2110.6,
  "outManifest": "C:\\Users\\teddy\\NianlifeOps\\quark-history\\2026-09-03\\manifests\\quark-heic-converted-task-items.jsonl"
}
